error: local variable doesn't need to be boxed here
  --> $DIR/escape_analysis.rs:34:13
   |
LL | fn warn_arg(x: Box<A>) {
   |             ^
   |
   = note: `-D clippy::boxed-local` implied by `-D warnings`

error: local variable doesn't need to be boxed here
  --> $DIR/escape_analysis.rs:133:12
   |
LL | pub fn new(_needs_name: Box<PeekableSeekable<&()>>) -> () {}
   |            ^^^^^^^^^^^

error: local variable doesn't need to be boxed here
  --> $DIR/escape_analysis.rs:173:23
   |
LL |     fn closure_borrow(x: Box<A>) {
   |                       ^

error: aborting due to 3 previous errors

